// Jest Snapshot v1, https://goo.gl/fbAQLP

exports[`EventDetails tests renders correctly 1`] = `
<div>
  <div>
    Fetching Event
  </div>
</div>
`;
