// Jest Snapshot v1, https://goo.gl/fbAQLP

exports[`RegisterButton tests renders correctly 1`] = `
<div>
  <button
    class="registerButton"
  >
    Register
  </button>
</div>
`;
